Tue Sep 15 05:09:04 UTC 2026 - TBH update
Wed Sep 16 05:04:21 UTC 2026 - TBH update
Thu Sep 17 05:07:26 UTC 2026 - TBH update
Fri Sep 18 05:00:00 UTC 2026 - TBH update
Sat Sep 19 04:52:44 UTC 2026 - TBH update
Sun Sep 20 05:12:19 UTC 2026 - TBH update
Mon Sep 21 05:18:00 UTC 2026 - TBH update
Tue Sep 22 05:15:07 UTC 2026 - TBH update
Wed Sep 23 04:59:26 UTC 2026 - TBH update
Thu Sep 24 05:10:42 UTC 2026 - TBH update
Fri Sep 25 05:12:56 UTC 2026 - TBH update
Sat Sep 26 05:17:37 UTC 2026 - TBH update
Sun Sep 27 05:34:33 UTC 2026 - TBH update
Mon Sep 28 05:42:35 UTC 2026 - TBH update
Wed Sep 30 05:49:11 UTC 2026 - TBH update
Thu Oct  1 06:21:33 UTC 2026 - TBH update
Fri Oct  2 05:59:26 UTC 2026 - TBH update
Sat Oct  3 05:35:10 UTC 2026 - TBH update
Sun Oct  4 06:10:52 UTC 2026 - TBH update
Mon Oct  5 06:02:32 UTC 2026 - TBH update
Tue Oct  6 06:41:39 UTC 2026 - TBH update
Wed Oct  7 06:18:02 UTC 2026 - TBH update
Thu Oct  8 06:27:47 UTC 2026 - TBH update
